// Jest Snapshot v1, https://goo.gl/fbAQLP

exports[`Counter Component debe de hacer match con el snapshot 1`] = `
<h1>Counter</h1>
<p>1<sup>2</sup> = 1</p>
<div><button>-1</button><button>+1</button></div>
`;
